autoconf
automake
base
binutils
bison
ccache
cheese
dhcpcd
dialog
evince
fakeroot
firefox
flex
fzf
gcc
gdm
git
gnome-backgrounds
gnome-characters
gnome-color-manager
gnome-control-center
gnome-font-viewer
gnome-keyring
gnome-remote-desktop
gnome-screenshot
gnome-session
gnome-settings-daemon
gnome-shell
gnome-shell-extension-appindicator
gnome-shell-extension-arch-update
gnome-shell-extension-nohotcorner-git
gnome-shell-extension-pixel-saver-git
gnome-shell-extension-system-monitor-git
gnome-shell-extensions
gnome-terminal-transparency
gnome-themes-extra
gnome-user-share
grilo-plugins
groff
gvfs
gvfs-afc
gvfs-goa
gvfs-google
gvfs-gphoto2
gvfs-mtp
gvfs-nfs
gvfs-smb
intel-ucode
keepassxc
linux
linux-firmware
lsof
lvm2
m4
make
mousetweaks
mutter
nautilus
neovim
netctl
network-manager-applet
networkmanager
noto-fonts-emoji
nvm
openssh
patch
pkgconf
python-virtualenvwrapper
sudo
syncthing-gtk
systemd-boot-pacman-hook
texinfo
the_silver_searcher
thunderbird
tracker
tracker-miners
ufw
wpa_supplicant
xclip
xdg-user-dirs-gtk
yay
zsh
zsh-autosuggestions
zsh-syntax-highlighting
