acpi_call
adobe-source-code-pro-fonts
adwaita-qt
adwaita-qt6
android-udev
arc-gtk-theme
bluez
bluez-utils
ccache
dhcpcd
duplicity
efibootmgr
ethtool
evince
firefox
fwupd
fzf
gdm
geeqie
git
gnome-backgrounds
gnome-color-manager
gnome-control-center
gnome-keyring
gnome-screenshot
gnome-session
gnome-settings-daemon
gnome-shell
gnome-shell-extension-appindicator
gnome-shell-extension-arch-update
gnome-shell-extension-sound-output-device-chooser
gnome-shell-extension-system-monitor-git
gnome-shell-extensions
gnome-themes-extra
gnome-tweaks
gst-plugins-bad
gst-plugins-base
gst-plugins-good
gst-plugins-ugly
gvfs
gvfs-goa
gvfs-google
gvfs-mtp
gvfs-nfs
gvfs-smb
gstreamer
gthumb
inetutils
intel-ucode
iwd
keepassxc
kitty
libappindicator-gtk2
libappindicator-gtk3
linux
linux-firmware
lsof
lvm2
mutter
nautilus
neovim
networkmanager
noto-fonts
nvm
openssh
pyenv
pyenv-virtualenvwrapper
qgnomeplatform
sudo
syncthing
the_silver_searcher
thunderbird
tlp
tlp-rdw
ttf-bitstream-vera
ttf-dejavu
ttf-droid
ttf-hack
ttf-liberation
ttf-roboto
ttf-roboto-mono
ufw
visual-studio-code-bin
wget
xclip
xdg-user-dirs-gtk
yay
zsh
zsh-autosuggestions
zsh-syntax-highlighting
