base-devel
blueman
bluez
brightnessctl
cnijfilter2
cups
discord
evince
firefox
fzf
geeqie
gimp
git
gnome-keyring
greetd
greetd-tuigreet
hunspell-de
hunspell-en_us
hypridle
hyprland
hyprlock
hyprpaper
imagemagick
inetutils
ipython
jq
keepassxc
kitty
kvantum
kvantum-qt5
kvantum-theme-materia
less
libappindicator-gtk3
libnewt
lvm2
neovim
materia-gtk-theme
network-manager-applet
networkmanager
nm-connection-editor
noto-fonts
noto-fonts-emoji
noto-fonts-extra
nvm
nwg-look
obsidian
openssh
otf-font-awesome
pacman-contrib
papirus-icon-theme
pavucontrol
pyenv
qt5-wayland
qt5ct
qt6-wayland
qt6ct
reflector
restic
ripgrep
rofi-wayland
rofimoji
sbctl
scangearmp2
spotify-launcher
starship
steam
swaync
syncthing
texlive-basic
texlive-bibtexextra
texlive-bin
texlive-binextra
texlive-context
texlive-fontsextra
texlive-fontsrecommended
texlive-fontutils
texlive-formatsextra
texlive-games
texlive-humanities
texlive-latex
texlive-latexextra
texlive-latexrecommended
texlive-luatex
texlive-mathscience
texlive-metapost
texlive-music
texlive-pictures
texlive-plaingeneric
texlive-pstricks
texlive-publishers
texlive-xetex
thunderbird
ttf-ms-win11-auto
ttf-roboto
ttf-roboto-mono
ttf-roboto-mono-nerd
udiskie
ufw
unzip
uwsm
visual-studio-code-bin
waybar
wl-clipboard
wlogout
wtype
xdg-desktop-portal-gtk
xdg-desktop-portal-hyprland
yadm
yay
zsh
zsh-autosuggestions
zsh-syntax-highlighting
